// Vitest Snapshot v1, https://vitest.dev/guide/snapshot.html

exports[`Avatar component > should render without issues 1`] = `
<div>
  <button
    class="rce-button"
    style="border-style: solid; cursor: pointer; filter: none; flex-direction: row;"
    type="button"
  />
</div>
`;
