// Vitest Snapshot v1, https://vitest.dev/guide/snapshot.html

exports[`Avatar component > should render without issues 1`] = `
<div>
  <div
    class="rce-navbar default"
    style="width: 100%;"
  >
    <div
      class="rce-navbar-item rce-navbar-item__left"
    />
    <div
      class="rce-navbar-item rce-navbar-item__center"
    />
    <div
      class="rce-navbar-item rce-navbar-item__right"
    />
  </div>
</div>
`;
