// Vitest Snapshot v1, https://vitest.dev/guide/snapshot.html

exports[`Avatar component > should render without issues 1`] = `
<div>
  <div
    class="rce-container-mbox"
  >
    <div
      class="rce-mbox rce-mbox-left"
    >
      <svg
        class="rce-mbox-left-notch"
        height="20"
        role="img"
        style="display: inline-flex; vertical-align: middle; fill: var(--rce-mbox-background);"
        viewBox="0 0 20 20"
        width="20"
        xmlns="http://www.w3.org/2000/svg"
      >
        <path
          d="M20 0v20L0 0"
        />
      </svg>
      <div
        class="rce-mbox-body"
      >
        <div
          class="rce-mbox-action-buttons"
        >
          <button
            class="rce-button rce-mbox-action rce-mbox-forward circle"
            style="background-color: rgba(110, 110, 120, 0.5); border-color: rgba(110, 110, 120, .5); border-width: 0px; flex-direction: row; padding: 6px;"
            type="button"
          >
            <span
              class="rce-button-icon--container"
            >
              <span
                class="rce-button-icon"
                style="float: inherit; font-size: 12px;"
              >
                <svg
                  class="reverse-icon-horizontal"
                  fill="currentColor"
                  height="20"
                  stroke="currentColor"
                  stroke-width="0"
                  viewBox="0 0 24 24"
                  width="20"
                  xmlns="http://www.w3.org/2000/svg"
                >
                  <path
                    d="M0 0h24v24H0z"
                    fill="none"
                  />
                  <path
                    d="M7 8V5l-7 7 7 7v-3l-4-4 4-4zm6 1V5l-7 7 7 7v-4.1c5 0 8.5 1.6 11 5.1-1-5-4-10-11-11z"
                  />
                </svg>
              </span>
            </span>
          </button>
        </div>
        <div
          class="rce-mbox-time non-copiable"
        >
          <span
            class="rce-mbox-status"
          >
            <svg
              color="var(--rce-color-light-blue)"
              fill="currentColor"
              height="1em"
              stroke="currentColor"
              stroke-width="0"
              style="font-size: 18px;"
              viewBox="0 0 24 24"
              width="1em"
              xmlns="http://www.w3.org/2000/svg"
            >
              <path
                d="M0 0h24v24H0z"
                fill="none"
              />
              <path
                d="m18 7-1.41-1.41-6.34 6.34 1.41 1.41L18 7zm4.24-1.41L11.66 16.17 7.48 12l-1.41 1.41L11.66 19l12-12-1.42-1.41zM.41 13.41 6 19l1.41-1.41L1.83 12 .41 13.41z"
              />
            </svg>
          </span>
        </div>
      </div>
    </div>
  </div>
</div>
`;
